// Jest Snapshot v1, https://goo.gl/fbAQLP

exports[`AddProductPage matches snapshot 1`] = `
<div
  className="col-md-6 offset-md-3"
>
  <FormContentWrapper
    title="Add Product"
  >
    <form
      className=""
      onSubmit={[Function]}
    >
      <div
        className="form-row"
      >
        <div
          className="col"
        >
          <NameInput
            errors={Object {}}
            handleChange={[Function]}
            values={
              Object {
                "availability": "",
                "category": "",
                "discount": 0,
                "name": "",
                "price": 0,
                "subcategory": "",
              }
            }
          />
        </div>
      </div>
      <div
        className="form-row"
      >
        <div
          className="col"
        >
          <CategoryInput
            categoryOptions={
              Array [
                <option>
                  honey
                </option>,
                <option>
                  cosmetics
                </option>,
                <option>
                  other bee products
                </option>,
                <option>
                  apitherapy
                </option>,
              ]
            }
            errors={Object {}}
            handleChange={[Function]}
            values={
              Object {
                "availability": "",
                "category": "",
                "discount": 0,
                "name": "",
                "price": 0,
                "subcategory": "",
              }
            }
          />
        </div>
        <div
          className="col"
        >
          <SubcategoryInput
            errors={Object {}}
            handleChange={[Function]}
            values={
              Object {
                "availability": "",
                "category": "",
                "discount": 0,
                "name": "",
                "price": 0,
                "subcategory": "",
              }
            }
          />
        </div>
        <div
          className="col"
        >
          <PriceInput
            errors={Object {}}
            handleChange={[Function]}
            values={
              Object {
                "availability": "",
                "category": "",
                "discount": 0,
                "name": "",
                "price": 0,
                "subcategory": "",
              }
            }
          />
        </div>
        <div
          className="col"
        >
          <DiscountInput
            errors={Object {}}
            handleChange={[Function]}
            values={
              Object {
                "availability": "",
                "category": "",
                "discount": 0,
                "name": "",
                "price": 0,
                "subcategory": "",
              }
            }
          />
        </div>
        <div
          className="col"
        >
          <AvailabilityInput
            errors={Object {}}
            handleChange={[Function]}
            values={
              Object {
                "availability": "",
                "category": "",
                "discount": 0,
                "name": "",
                "price": 0,
                "subcategory": "",
              }
            }
          />
        </div>
      </div>
      <div
        className="form-row"
      >
        <InputFilePicker
          imageUrl=""
          setImageUrl={[Function]}
          text="Click to add product image"
        />
      </div>
      <div
        className="form-row"
      >
        <div
          className="col"
        >
          <button
            className="btn btn-danger"
            disabled={true}
            type="submit"
          >
                        Add Product
          </button>
        </div>
        <div
          className="col"
        >
          <button
            className="btn btn-warning"
            disabled={false}
            onClick={[Function]}
            type="button"
          >
            Cancel
          </button>
        </div>
      </div>
    </form>
    <SuccessMessage
      message="Product successfuly added !"
      show={false}
    />
  </FormContentWrapper>
</div>
`;
