// Jest Snapshot v1, https://goo.gl/fbAQLP

exports[`matches snapshot 1`] = `
<div
  className="col-md-4 offset-md-4"
>
  <div
    className="FormWrapper"
  >
    <h1>
      Login
    </h1>
    <form
      className=""
      onSubmit={[Function]}
    >
      <div
        className="form-row"
      >
        <div
          className="col"
        >
          <div
            className="form-group"
          >
            <label
              className="form-label"
            >
              Email address
            </label>
            <input
              className="form-control form-control"
              name="username"
              onChange={[Function]}
              placeholder="Enter email"
              type="email"
              value=""
            />
            <div
              className="invalid-feedback"
            />
            <div
              className="valid-feedback"
            >
              Look's good
            </div>
          </div>
        </div>
      </div>
      <div
        className="form-row"
      >
        <div
          className="col"
        >
          <div
            className="form-group"
          >
            <label
              className="form-label"
            >
              Password
            </label>
            <input
              className="form-control form-control"
              name="password"
              onChange={[Function]}
              placeholder="Enter your password"
              type="password"
              value=""
            />
            <div
              className="invalid-feedback"
            />
            <div
              className="valid-feedback"
            >
              Look's good
            </div>
          </div>
        </div>
      </div>
      <button
        className="btn btn-warning"
        disabled={false}
        type="submit"
      >
        Login
      </button>
      <small
        className="form-text"
      >
        Don't have an account? 
        <a
          href="/register"
        >
          <b>
            Register
          </b>
        </a>
      </small>
    </form>
  </div>
</div>
`;
